// Jest Snapshot v1, https://goo.gl/fbAQLP

exports[`AppMenu component matches snapshot 1`] = `
<DocumentFragment>
  <ul
    class="ant-menu ant-menu-dark ant-menu-root ant-menu-inline"
    data-testid="menu"
    role="menu"
  >
    <li
      class="ant-menu-item"
      role="menuitem"
      style="padding-left: 24px;"
    >
      <span
        aria-label="home"
        class="anticon anticon-home"
        role="img"
      >
        <svg
          aria-hidden="true"
          class=""
          data-icon="home"
          fill="currentColor"
          focusable="false"
          height="1em"
          viewBox="64 64 896 896"
          width="1em"
        >
          <path
            d="M946.5 505L560.1 118.8l-25.9-25.9a31.5 31.5 0 00-44.4 0L77.5 505a63.9 63.9 0 00-18.8 46c.4 35.2 29.7 63.3 64.9 63.3h42.5V940h691.8V614.3h43.4c17.1 0 33.2-6.7 45.3-18.8a63.6 63.6 0 0018.7-45.3c0-17-6.7-33.1-18.8-45.2zM568 868H456V664h112v204zm217.9-325.7V868H632V640c0-22.1-17.9-40-40-40H432c-22.1 0-40 17.9-40 40v228H238.1V542.3h-96l370-369.7 23.1 23.1L882 542.3h-96.1z"
          />
        </svg>
      </span>
      <span>
        Home
      </span>
    </li>
    <li
      class="ant-menu-item"
      role="menuitem"
      style="padding-left: 24px;"
    >
      <span
        aria-label="table"
        class="anticon anticon-table"
        role="img"
      >
        <svg
          aria-hidden="true"
          class=""
          data-icon="table"
          fill="currentColor"
          focusable="false"
          height="1em"
          viewBox="64 64 896 896"
          width="1em"
        >
          <path
            d="M928 160H96c-17.7 0-32 14.3-32 32v640c0 17.7 14.3 32 32 32h832c17.7 0 32-14.3 32-32V192c0-17.7-14.3-32-32-32zm-40 208H676V232h212v136zm0 224H676V432h212v160zM412 432h200v160H412V432zm200-64H412V232h200v136zm-476 64h212v160H136V432zm0-200h212v136H136V232zm0 424h212v136H136V656zm276 0h200v136H412V656zm476 136H676V656h212v136z"
          />
        </svg>
      </span>
      <span>
        Sheet
      </span>
    </li>
  </ul>
</DocumentFragment>
`;
