// Jest Snapshot v1, https://goo.gl/fbAQLP

exports[`Index component matches snapshot 1`] = `
<DocumentFragment>
  <h1
    data-testid="hello"
  >
    Hello World!!!
  </h1>
</DocumentFragment>
`;
