// Jest Snapshot v1, https://goo.gl/fbAQLP

exports[`I18nSwitch component matches snapshot 1`] = `
<DocumentFragment>
  <div
    class="ant-radio-group ant-radio-group-outline"
  >
    <label
      class="ant-radio-button-wrapper"
    >
      <span
        class="ant-radio-button"
      >
        <input
          class="ant-radio-button-input"
          type="radio"
          value="en"
        />
        <span
          class="ant-radio-button-inner"
        />
      </span>
      <span>
        English
      </span>
    </label>
    <label
      class="ant-radio-button-wrapper"
    >
      <span
        class="ant-radio-button"
      >
        <input
          class="ant-radio-button-input"
          type="radio"
          value="pt"
        />
        <span
          class="ant-radio-button-inner"
        />
      </span>
      <span>
        PortuguÃªs
      </span>
    </label>
  </div>
</DocumentFragment>
`;
